// Jest Snapshot v1, https://jestjs.io/docs/snapshot-testing

exports[`styled with palette colors 1`] = `
.c0 {
  display: flex;
  flex-direction: row;
  align-items: center;
  justify-content: center;
  min-width: 132px;
  height: 40px;
  padding: 10px;
  font-family: 'exo2',sans-serif;
  font-size: 18px;
  color: #cec2eb;
  background-color: #454145;
  border: 1px solid #cec2eb;
  border-radius: 12px;
  transition-duration: 0.5s;
}

.c0:hover {
  border-radius: 20px;
}

.c1 {
  display: flex;
  flex-direction: row;
  align-items: center;
  justify-content: right;
  width: 32px;
}

<button
  class="c0"
>
  count: 
  <div
    class="c1"
    data-testid="count"
  >
    0
  </div>
</button>
`;
